// Jest Snapshot v1, https://goo.gl/fbAQLP

exports[`Unit Testing to CARD component Should render correctly 1`] = `
<div
  className="sc-gtssRu hYJaBj col-lg-3 col-md-4 col-sm-6"
>
  <div
    className="sc-dlnjPT fcZHye card"
    imagePath=""
  >
    <div
      className="sc-hKFyIo kKcejx card-body"
    >
      <div
        className="sc-eCApGN kHFkYW card-title h5"
      >
         
        1
         
      </div>
      <span
        className="sc-bdnylx jrXTCF"
      >
         
         
      </span>
      <p
        className="sc-jSFkmK EveGJ card-text"
      >
         
        1
         
      </p>
      <p
        className="sc-gKAblj keoKAQ card-text"
      >
         
        testTitle
         
      </p>
      <div
        className="sc-iCoHVE kcKcLJ card-footer"
      >
        category
      </div>
    </div>
  </div>
</div>
`;
